// Jest Snapshot v1, https://goo.gl/fbAQLP

exports[`src/components/create/formFields/FilesField/FileList renders 1`] = `
<div
  className="sc-gsDKAQ iZkqjs"
>
  <div
    className="sc-hKwDye hmZybT"
    data-testid="file-list-header"
    onClick={[Function]}
  >
    <h3
      className="sc-dkPtRN dsURgc"
    >
      파일들
    </h3>
    <div
      className="sc-jRQBWg ermYcA"
    >
      <svg
        height={30}
        width={30}
      >
        sort-up-solid.svg
      </svg>
    </div>
  </div>
  <div
    className="sc-eCImPb cMmyzq"
    data-testid="file-list-content"
  >
    <div
      style={
        Object {
          "textAlign": "center",
        }
      }
    >
      <p
        className="sc-bdvvtL hEkgRH"
        fontSize="strongBody"
      >
        파일이 없습니다
      </p>
    </div>
  </div>
</div>
`;
